========================================
  Array job ID : 1856862
  Task index   : 1
  Node         : w1
  CPUs         : 4
  Started      : Wed Jun 24 05:27:37 PM CEST 2026
========================================
Python : /home/roblikova/miniconda3/envs/BCenv/bin/python
Env    : BCenv

Discovering subjects in: /CSNG/EEG/MS_data
Cleaning algorithm: ica
Recording: RS_before
Adding C01: C01_2024-11-16_10-44-51_RS_before_ica.fif
Adding C02: C02_2024-11-16_18-31-47_RS_before_ica.fif
Adding C03: C03_2024-11-17_09-36-49_RS_before_ica.fif
Adding C04: C04_2024-11-17_15-24-07_RS_before_ica.fif
Adding C05: C05_2024-11-22_10-03-36_RS_before_ica.fif
Adding C06: C06_2024-11-22_16-36-13_RS_before_ica.fif
Adding C07: C07_2024-11-23_10-27-20_RS_before_ica.fif
Adding C08: C08_2024-11-23_16-54-30_RS_before_ica.fif
Adding C09: C09_2024-11-24_10-19-04_RS_before_ica.fif
Adding C10: C10_2024-11-24_13-51-26_RS_before_ica.fif
Adding C11: C11_2024-11-24_16-44-09_RS_before_ica.fif
Adding C12: C12_2024-11-11_14-03-13_RS_before_ica.fif
Adding C13: C13_2024-11-11_11-01-59_RS_before_ica.fif
Adding C14: C14_2024-11-12_09-21-16_RS_before_ica.fif
Adding C15: C15_2024-11-30_10-22-36_RS_before_ica.fif
Adding C16: C16_2024-11-30_11-47-30_RS_before_ica.fif
Adding C17: C17_2024-11-26_12-50-00_RS_before_ica.fif
Adding C18: C18_2024-11-30_16-33-09_RS_before_ica.fif
Adding C19: C19_2024-12-01_14-22-34_RS_before_ica.fif
Adding C20: C20_2024-12-01_16-08-31_RS_before_ica.fif
Adding C21: C21_2024-12-02_09-45-22_RS_before_ica.fif
Adding C22: C22_2024-12-02_12-04-00_RS_before_ica.fif
Adding C23: C23_2024-12-04_13-57-43_RS_before_ica.fif
Adding C24: C24_2024-12-04_16-39-50_RS_before_ica.fif
Adding C25: C25_2024-12-04_18-56-41_RS_before_ica.fif
Adding C26: C26_2024-12-05_09-15-13_RS_before_ica.fif
Adding C27: C27_2024-12-05_12-36-35_RS_before_ica.fif
============================================================
Subject: C02
File: /CSNG/EEG/MS_data/C02/ica/C02_2024-11-16_18-31-47_RS_before_ica.fif
============================================================
Creating directory: /CSNG/roblikova/results/corr_matrices/C02/RS_before/sf250_win10_step1_bp1-45
Sampling rate: 8000 Hz
Recording length: 601.00 s
Window length: 10 s
Step: 1 s
Bandpass: 1.0-45.0 Hz
Downsampling to: 250 Hz
Saved: /CSNG/roblikova/results/corr_matrices/C02/RS_before/sf250_win10_step1_bp1-45/corr_0000.npy
Saved: /CSNG/roblikova/results/corr_matrices/C02/RS_before/sf250_win10_step1_bp1-45/corr_0001.npy
Saved: /CSNG/roblikova/results/corr_matrices/C02/RS_before/sf250_win10_step1_bp1-45/corr_0002.npy
Saved: /CSNG/roblikova/results/corr_matrices/C02/RS_before/sf250_win10_step1_bp1-45/corr_0003.npy
Saved: /CSNG/roblikova/results/corr_matrices/C02/RS_before/sf250_win10_step1_bp1-45/corr_0004.npy
Saved: /CSNG/roblikova/results/corr_matrices/C02/RS_before/sf250_win10_step1_bp1-45/corr_0005.npy
Saved: /CSNG/roblikova/results/corr_matrices/C02/RS_before/sf250_win10_step1_bp1-45/corr_0006.npy
Saved: /CSNG/roblikova/results/corr_matrices/C02/RS_before/sf250_win10_step1_bp1-45/corr_0007.npy
Saved: /CSNG/roblikova/results/corr_matrices/C02/RS_before/sf250_win10_step1_bp1-45/corr_0008.npy
Saved: /CSNG/roblikova/results/corr_matrices/C02/RS_before/sf250_win10_step1_bp1-45/corr_0009.npy
Saved: /CSNG/roblikova/results/corr_matrices/C02/RS_before/sf250_win10_step1_bp1-45/corr_0010.npy
Saved: /CSNG/roblikova/results/corr_matrices/C02/RS_before/sf250_win10_step1_bp1-45/corr_0011.npy
Saved: /CSNG/roblikova/results/corr_matrices/C02/RS_before/sf250_win10_step1_bp1-45/corr_0012.npy
Saved: /CSNG/roblikova/results/corr_matrices/C02/RS_before/sf250_win10_step1_bp1-45/corr_0013.npy
Saved: /CSNG/roblikova/results/corr_matrices/C02/RS_before/sf250_win10_step1_bp1-45/corr_0014.npy
Saved: /CSNG/roblikova/results/corr_matrices/C02/RS_before/sf250_win10_step1_bp1-45/corr_0015.npy
Saved: /CSNG/roblikova/results/corr_matrices/C02/RS_before/sf250_win10_step1_bp1-45/corr_0016.npy
Saved: /CSNG/roblikova/results/corr_matrices/C02/RS_before/sf250_win10_step1_bp1-45/corr_0017.npy
Saved: /CSNG/roblikova/results/corr_matrices/C02/RS_before/sf250_win10_step1_bp1-45/corr_0018.npy
Saved: /CSNG/roblikova/results/corr_matrices/C02/RS_before/sf250_win10_step1_bp1-45/corr_0019.npy
Saved: /CSNG/roblikova/results/corr_matrices/C02/RS_before/sf250_win10_step1_bp1-45/corr_0020.npy
Saved: /CSNG/roblikova/results/corr_matrices/C02/RS_before/sf250_win10_step1_bp1-45/corr_0021.npy
Saved: /CSNG/roblikova/results/corr_matrices/C02/RS_before/sf250_win10_step1_bp1-45/corr_0022.npy
Saved: /CSNG/roblikova/results/corr_matrices/C02/RS_before/sf250_win10_step1_bp1-45/corr_0023.npy
Saved: /CSNG/roblikova/results/corr_matrices/C02/RS_before/sf250_win10_step1_bp1-45/corr_0024.npy
Saved: /CSNG/roblikova/results/corr_matrices/C02/RS_before/sf250_win10_step1_bp1-45/corr_0025.npy
Saved: /CSNG/roblikova/results/corr_matrices/C02/RS_before/sf250_win10_step1_bp1-45/corr_0026.npy
Saved: /CSNG/roblikova/results/corr_matrices/C02/RS_before/sf250_win10_step1_bp1-45/corr_0027.npy
Saved: /CSNG/roblikova/results/corr_matrices/C02/RS_before/sf250_win10_step1_bp1-45/corr_0028.npy
Saved: /CSNG/roblikova/results/corr_matrices/C02/RS_before/sf250_win10_step1_bp1-45/corr_0029.npy
Saved: /CSNG/roblikova/results/corr_matrices/C02/RS_before/sf250_win10_step1_bp1-45/corr_0030.npy
Saved: /CSNG/roblikova/results/corr_matrices/C02/RS_before/sf250_win10_step1_bp1-45/corr_0031.npy
Saved: /CSNG/roblikova/results/corr_matrices/C02/RS_before/sf250_win10_step1_bp1-45/corr_0032.npy
Saved: /CSNG/roblikova/results/corr_matrices/C02/RS_before/sf250_win10_step1_bp1-45/corr_0033.npy
Saved: /CSNG/roblikova/results/corr_matrices/C02/RS_before/sf250_win10_step1_bp1-45/corr_0034.npy
Saved: /CSNG/roblikova/results/corr_matrices/C02/RS_before/sf250_win10_step1_bp1-45/corr_0035.npy
Saved: /CSNG/roblikova/results/corr_matrices/C02/RS_before/sf250_win10_step1_bp1-45/corr_0036.npy
Saved: /CSNG/roblikova/results/corr_matrices/C02/RS_before/sf250_win10_step1_bp1-45/corr_0037.npy
Saved: /CSNG/roblikova/results/corr_matrices/C02/RS_before/sf250_win10_step1_bp1-45/corr_0038.npy
Saved: /CSNG/roblikova/results/corr_matrices/C02/RS_before/sf250_win10_step1_bp1-45/corr_0039.npy
Saved: /CSNG/roblikova/results/corr_matrices/C02/RS_before/sf250_win10_step1_bp1-45/corr_0040.npy
Saved: /CSNG/roblikova/results/corr_matrices/C02/RS_before/sf250_win10_step1_bp1-45/corr_0041.npy
Saved: /CSNG/roblikova/results/corr_matrices/C02/RS_before/sf250_win10_step1_bp1-45/corr_0042.npy
Saved: /CSNG/roblikova/results/corr_matrices/C02/RS_before/sf250_win10_step1_bp1-45/corr_0043.npy
Saved: /CSNG/roblikova/results/corr_matrices/C02/RS_before/sf250_win10_step1_bp1-45/corr_0044.npy
Saved: /CSNG/roblikova/results/corr_matrices/C02/RS_before/sf250_win10_step1_bp1-45/corr_0045.npy
Saved: /CSNG/roblikova/results/corr_matrices/C02/RS_before/sf250_win10_step1_bp1-45/corr_0046.npy
Saved: /CSNG/roblikova/results/corr_matrices/C02/RS_before/sf250_win10_step1_bp1-45/corr_0047.npy
Saved: /CSNG/roblikova/results/corr_matrices/C02/RS_before/sf250_win10_step1_bp1-45/corr_0048.npy
Saved: /CSNG/roblikova/results/corr_matrices/C02/RS_before/sf250_win10_step1_bp1-45/corr_0049.npy
Saved: /CSNG/roblikova/results/corr_matrices/C02/RS_before/sf250_win10_step1_bp1-45/corr_0050.npy
Saved: /CSNG/roblikova/results/corr_matrices/C02/RS_before/sf250_win10_step1_bp1-45/corr_0051.npy
Saved: /CSNG/roblikova/results/corr_matrices/C02/RS_before/sf250_win10_step1_bp1-45/corr_0052.npy
Saved: /CSNG/roblikova/results/corr_matrices/C02/RS_before/sf250_win10_step1_bp1-45/corr_0053.npy
Saved: /CSNG/roblikova/results/corr_matrices/C02/RS_before/sf250_win10_step1_bp1-45/corr_0054.npy
Saved: /CSNG/roblikova/results/corr_matrices/C02/RS_before/sf250_win10_step1_bp1-45/corr_0055.npy
Saved: /CSNG/roblikova/results/corr_matrices/C02/RS_before/sf250_win10_step1_bp1-45/corr_0056.npy
Saved: /CSNG/roblikova/results/corr_matrices/C02/RS_before/sf250_win10_step1_bp1-45/corr_0057.npy
Saved: /CSNG/roblikova/results/corr_matrices/C02/RS_before/sf250_win10_step1_bp1-45/corr_0058.npy
Saved: /CSNG/roblikova/results/corr_matrices/C02/RS_before/sf250_win10_step1_bp1-45/corr_0059.npy
Saved: /CSNG/roblikova/results/corr_matrices/C02/RS_before/sf250_win10_step1_bp1-45/corr_0060.npy
Saved: /CSNG/roblikova/results/corr_matrices/C02/RS_before/sf250_win10_step1_bp1-45/corr_0061.npy
Saved: /CSNG/roblikova/results/corr_matrices/C02/RS_before/sf250_win10_step1_bp1-45/corr_0062.npy
Saved: /CSNG/roblikova/results/corr_matrices/C02/RS_before/sf250_win10_step1_bp1-45/corr_0063.npy
Saved: /CSNG/roblikova/results/corr_matrices/C02/RS_before/sf250_win10_step1_bp1-45/corr_0064.npy
Saved: /CSNG/roblikova/results/corr_matrices/C02/RS_before/sf250_win10_step1_bp1-45/corr_0065.npy
Saved: /CSNG/roblikova/results/corr_matrices/C02/RS_before/sf250_win10_step1_bp1-45/corr_0066.npy
Saved: /CSNG/roblikova/results/corr_matrices/C02/RS_before/sf250_win10_step1_bp1-45/corr_0067.npy
Saved: /CSNG/roblikova/results/corr_matrices/C02/RS_before/sf250_win10_step1_bp1-45/corr_0068.npy
Saved: /CSNG/roblikova/results/corr_matrices/C02/RS_before/sf250_win10_step1_bp1-45/corr_0069.npy
Saved: /CSNG/roblikova/results/corr_matrices/C02/RS_before/sf250_win10_step1_bp1-45/corr_0070.npy
Saved: /CSNG/roblikova/results/corr_matrices/C02/RS_before/sf250_win10_step1_bp1-45/corr_0071.npy
Saved: /CSNG/roblikova/results/corr_matrices/C02/RS_before/sf250_win10_step1_bp1-45/corr_0072.npy
Saved: /CSNG/roblikova/results/corr_matrices/C02/RS_before/sf250_win10_step1_bp1-45/corr_0073.npy
Saved: /CSNG/roblikova/results/corr_matrices/C02/RS_before/sf250_win10_step1_bp1-45/corr_0074.npy
Saved: /CSNG/roblikova/results/corr_matrices/C02/RS_before/sf250_win10_step1_bp1-45/corr_0075.npy
Saved: /CSNG/roblikova/results/corr_matrices/C02/RS_before/sf250_win10_step1_bp1-45/corr_0076.npy
Saved: /CSNG/roblikova/results/corr_matrices/C02/RS_before/sf250_win10_step1_bp1-45/corr_0077.npy
Saved: /CSNG/roblikova/results/corr_matrices/C02/RS_before/sf250_win10_step1_bp1-45/corr_0078.npy
Saved: /CSNG/roblikova/results/corr_matrices/C02/RS_before/sf250_win10_step1_bp1-45/corr_0079.npy
Saved: /CSNG/roblikova/results/corr_matrices/C02/RS_before/sf250_win10_step1_bp1-45/corr_0080.npy
Saved: /CSNG/roblikova/results/corr_matrices/C02/RS_before/sf250_win10_step1_bp1-45/corr_0081.npy
Saved: /CSNG/roblikova/results/corr_matrices/C02/RS_before/sf250_win10_step1_bp1-45/corr_0082.npy
Saved: /CSNG/roblikova/results/corr_matrices/C02/RS_before/sf250_win10_step1_bp1-45/corr_0083.npy
Saved: /CSNG/roblikova/results/corr_matrices/C02/RS_before/sf250_win10_step1_bp1-45/corr_0084.npy
Saved: /CSNG/roblikova/results/corr_matrices/C02/RS_before/sf250_win10_step1_bp1-45/corr_0085.npy
Saved: /CSNG/roblikova/results/corr_matrices/C02/RS_before/sf250_win10_step1_bp1-45/corr_0086.npy
Saved: /CSNG/roblikova/results/corr_matrices/C02/RS_before/sf250_win10_step1_bp1-45/corr_0087.npy
Saved: /CSNG/roblikova/results/corr_matrices/C02/RS_before/sf250_win10_step1_bp1-45/corr_0088.npy
Saved: /CSNG/roblikova/results/corr_matrices/C02/RS_before/sf250_win10_step1_bp1-45/corr_0089.npy
Saved: /CSNG/roblikova/results/corr_matrices/C02/RS_before/sf250_win10_step1_bp1-45/corr_0090.npy
Saved: /CSNG/roblikova/results/corr_matrices/C02/RS_before/sf250_win10_step1_bp1-45/corr_0091.npy
Saved: /CSNG/roblikova/results/corr_matrices/C02/RS_before/sf250_win10_step1_bp1-45/corr_0092.npy
Saved: /CSNG/roblikova/results/corr_matrices/C02/RS_before/sf250_win10_step1_bp1-45/corr_0093.npy
Saved: /CSNG/roblikova/results/corr_matrices/C02/RS_before/sf250_win10_step1_bp1-45/corr_0094.npy
Saved: /CSNG/roblikova/results/corr_matrices/C02/RS_before/sf250_win10_step1_bp1-45/corr_0095.npy
Saved: /CSNG/roblikova/results/corr_matrices/C02/RS_before/sf250_win10_step1_bp1-45/corr_0096.npy
Saved: /CSNG/roblikova/results/corr_matrices/C02/RS_before/sf250_win10_step1_bp1-45/corr_0097.npy
Saved: /CSNG/roblikova/results/corr_matrices/C02/RS_before/sf250_win10_step1_bp1-45/corr_0098.npy
Saved: /CSNG/roblikova/results/corr_matrices/C02/RS_before/sf250_win10_step1_bp1-45/corr_0099.npy
Saved: /CSNG/roblikova/results/corr_matrices/C02/RS_before/sf250_win10_step1_bp1-45/corr_0100.npy
Saved: /CSNG/roblikova/results/corr_matrices/C02/RS_before/sf250_win10_step1_bp1-45/corr_0101.npy
Saved: /CSNG/roblikova/results/corr_matrices/C02/RS_before/sf250_win10_step1_bp1-45/corr_0102.npy
Saved: /CSNG/roblikova/results/corr_matrices/C02/RS_before/sf250_win10_step1_bp1-45/corr_0103.npy
Saved: /CSNG/roblikova/results/corr_matrices/C02/RS_before/sf250_win10_step1_bp1-45/corr_0104.npy
Saved: /CSNG/roblikova/results/corr_matrices/C02/RS_before/sf250_win10_step1_bp1-45/corr_0105.npy
Saved: /CSNG/roblikova/results/corr_matrices/C02/RS_before/sf250_win10_step1_bp1-45/corr_0106.npy
Saved: /CSNG/roblikova/results/corr_matrices/C02/RS_before/sf250_win10_step1_bp1-45/corr_0107.npy
Saved: /CSNG/roblikova/results/corr_matrices/C02/RS_before/sf250_win10_step1_bp1-45/corr_0108.npy
Saved: /CSNG/roblikova/results/corr_matrices/C02/RS_before/sf250_win10_step1_bp1-45/corr_0109.npy
Saved: /CSNG/roblikova/results/corr_matrices/C02/RS_before/sf250_win10_step1_bp1-45/corr_0110.npy
Saved: /CSNG/roblikova/results/corr_matrices/C02/RS_before/sf250_win10_step1_bp1-45/corr_0111.npy
Saved: /CSNG/roblikova/results/corr_matrices/C02/RS_before/sf250_win10_step1_bp1-45/corr_0112.npy
Saved: /CSNG/roblikova/results/corr_matrices/C02/RS_before/sf250_win10_step1_bp1-45/corr_0113.npy
Saved: /CSNG/roblikova/results/corr_matrices/C02/RS_before/sf250_win10_step1_bp1-45/corr_0114.npy
Saved: /CSNG/roblikova/results/corr_matrices/C02/RS_before/sf250_win10_step1_bp1-45/corr_0115.npy
Saved: /CSNG/roblikova/results/corr_matrices/C02/RS_before/sf250_win10_step1_bp1-45/corr_0116.npy
Saved: /CSNG/roblikova/results/corr_matrices/C02/RS_before/sf250_win10_step1_bp1-45/corr_0117.npy
Saved: /CSNG/roblikova/results/corr_matrices/C02/RS_before/sf250_win10_step1_bp1-45/corr_0118.npy
Saved: /CSNG/roblikova/results/corr_matrices/C02/RS_before/sf250_win10_step1_bp1-45/corr_0119.npy
Saved: /CSNG/roblikova/results/corr_matrices/C02/RS_before/sf250_win10_step1_bp1-45/corr_0120.npy
Saved: /CSNG/roblikova/results/corr_matrices/C02/RS_before/sf250_win10_step1_bp1-45/corr_0121.npy
Saved: /CSNG/roblikova/results/corr_matrices/C02/RS_before/sf250_win10_step1_bp1-45/corr_0122.npy
Saved: /CSNG/roblikova/results/corr_matrices/C02/RS_before/sf250_win10_step1_bp1-45/corr_0123.npy
Saved: /CSNG/roblikova/results/corr_matrices/C02/RS_before/sf250_win10_step1_bp1-45/corr_0124.npy
Saved: /CSNG/roblikova/results/corr_matrices/C02/RS_before/sf250_win10_step1_bp1-45/corr_0125.npy
Saved: /CSNG/roblikova/results/corr_matrices/C02/RS_before/sf250_win10_step1_bp1-45/corr_0126.npy
Saved: /CSNG/roblikova/results/corr_matrices/C02/RS_before/sf250_win10_step1_bp1-45/corr_0127.npy
Saved: /CSNG/roblikova/results/corr_matrices/C02/RS_before/sf250_win10_step1_bp1-45/corr_0128.npy
Saved: /CSNG/roblikova/results/corr_matrices/C02/RS_before/sf250_win10_step1_bp1-45/corr_0129.npy
Saved: /CSNG/roblikova/results/corr_matrices/C02/RS_before/sf250_win10_step1_bp1-45/corr_0130.npy
Saved: /CSNG/roblikova/results/corr_matrices/C02/RS_before/sf250_win10_step1_bp1-45/corr_0131.npy
Saved: /CSNG/roblikova/results/corr_matrices/C02/RS_before/sf250_win10_step1_bp1-45/corr_0132.npy
Saved: /CSNG/roblikova/results/corr_matrices/C02/RS_before/sf250_win10_step1_bp1-45/corr_0133.npy
Saved: /CSNG/roblikova/results/corr_matrices/C02/RS_before/sf250_win10_step1_bp1-45/corr_0134.npy
Saved: /CSNG/roblikova/results/corr_matrices/C02/RS_before/sf250_win10_step1_bp1-45/corr_0135.npy
Saved: /CSNG/roblikova/results/corr_matrices/C02/RS_before/sf250_win10_step1_bp1-45/corr_0136.npy
Saved: /CSNG/roblikova/results/corr_matrices/C02/RS_before/sf250_win10_step1_bp1-45/corr_0137.npy
Saved: /CSNG/roblikova/results/corr_matrices/C02/RS_before/sf250_win10_step1_bp1-45/corr_0138.npy
Saved: /CSNG/roblikova/results/corr_matrices/C02/RS_before/sf250_win10_step1_bp1-45/corr_0139.npy
Saved: /CSNG/roblikova/results/corr_matrices/C02/RS_before/sf250_win10_step1_bp1-45/corr_0140.npy
Saved: /CSNG/roblikova/results/corr_matrices/C02/RS_before/sf250_win10_step1_bp1-45/corr_0141.npy
Saved: /CSNG/roblikova/results/corr_matrices/C02/RS_before/sf250_win10_step1_bp1-45/corr_0142.npy
Saved: /CSNG/roblikova/results/corr_matrices/C02/RS_before/sf250_win10_step1_bp1-45/corr_0143.npy
Saved: /CSNG/roblikova/results/corr_matrices/C02/RS_before/sf250_win10_step1_bp1-45/corr_0144.npy
Saved: /CSNG/roblikova/results/corr_matrices/C02/RS_before/sf250_win10_step1_bp1-45/corr_0145.npy
Saved: /CSNG/roblikova/results/corr_matrices/C02/RS_before/sf250_win10_step1_bp1-45/corr_0146.npy
Saved: /CSNG/roblikova/results/corr_matrices/C02/RS_before/sf250_win10_step1_bp1-45/corr_0147.npy
Saved: /CSNG/roblikova/results/corr_matrices/C02/RS_before/sf250_win10_step1_bp1-45/corr_0148.npy
Saved: /CSNG/roblikova/results/corr_matrices/C02/RS_before/sf250_win10_step1_bp1-45/corr_0149.npy
Saved: /CSNG/roblikova/results/corr_matrices/C02/RS_before/sf250_win10_step1_bp1-45/corr_0150.npy
Saved: /CSNG/roblikova/results/corr_matrices/C02/RS_before/sf250_win10_step1_bp1-45/corr_0151.npy
Saved: /CSNG/roblikova/results/corr_matrices/C02/RS_before/sf250_win10_step1_bp1-45/corr_0152.npy
Saved: /CSNG/roblikova/results/corr_matrices/C02/RS_before/sf250_win10_step1_bp1-45/corr_0153.npy
Saved: /CSNG/roblikova/results/corr_matrices/C02/RS_before/sf250_win10_step1_bp1-45/corr_0154.npy
Saved: /CSNG/roblikova/results/corr_matrices/C02/RS_before/sf250_win10_step1_bp1-45/corr_0155.npy
Saved: /CSNG/roblikova/results/corr_matrices/C02/RS_before/sf250_win10_step1_bp1-45/corr_0156.npy
Saved: /CSNG/roblikova/results/corr_matrices/C02/RS_before/sf250_win10_step1_bp1-45/corr_0157.npy
Saved: /CSNG/roblikova/results/corr_matrices/C02/RS_before/sf250_win10_step1_bp1-45/corr_0158.npy
Saved: /CSNG/roblikova/results/corr_matrices/C02/RS_before/sf250_win10_step1_bp1-45/corr_0159.npy
Saved: /CSNG/roblikova/results/corr_matrices/C02/RS_before/sf250_win10_step1_bp1-45/corr_0160.npy
Saved: /CSNG/roblikova/results/corr_matrices/C02/RS_before/sf250_win10_step1_bp1-45/corr_0161.npy
Saved: /CSNG/roblikova/results/corr_matrices/C02/RS_before/sf250_win10_step1_bp1-45/corr_0162.npy
Saved: /CSNG/roblikova/results/corr_matrices/C02/RS_before/sf250_win10_step1_bp1-45/corr_0163.npy
Saved: /CSNG/roblikova/results/corr_matrices/C02/RS_before/sf250_win10_step1_bp1-45/corr_0164.npy
Saved: /CSNG/roblikova/results/corr_matrices/C02/RS_before/sf250_win10_step1_bp1-45/corr_0165.npy
Saved: /CSNG/roblikova/results/corr_matrices/C02/RS_before/sf250_win10_step1_bp1-45/corr_0166.npy
Saved: /CSNG/roblikova/results/corr_matrices/C02/RS_before/sf250_win10_step1_bp1-45/corr_0167.npy
Saved: /CSNG/roblikova/results/corr_matrices/C02/RS_before/sf250_win10_step1_bp1-45/corr_0168.npy
Saved: /CSNG/roblikova/results/corr_matrices/C02/RS_before/sf250_win10_step1_bp1-45/corr_0169.npy
Saved: /CSNG/roblikova/results/corr_matrices/C02/RS_before/sf250_win10_step1_bp1-45/corr_0170.npy
Saved: /CSNG/roblikova/results/corr_matrices/C02/RS_before/sf250_win10_step1_bp1-45/corr_0171.npy
Saved: /CSNG/roblikova/results/corr_matrices/C02/RS_before/sf250_win10_step1_bp1-45/corr_0172.npy
Saved: /CSNG/roblikova/results/corr_matrices/C02/RS_before/sf250_win10_step1_bp1-45/corr_0173.npy
Saved: /CSNG/roblikova/results/corr_matrices/C02/RS_before/sf250_win10_step1_bp1-45/corr_0174.npy
Saved: /CSNG/roblikova/results/corr_matrices/C02/RS_before/sf250_win10_step1_bp1-45/corr_0175.npy
Saved: /CSNG/roblikova/results/corr_matrices/C02/RS_before/sf250_win10_step1_bp1-45/corr_0176.npy
Saved: /CSNG/roblikova/results/corr_matrices/C02/RS_before/sf250_win10_step1_bp1-45/corr_0177.npy
Saved: /CSNG/roblikova/results/corr_matrices/C02/RS_before/sf250_win10_step1_bp1-45/corr_0178.npy
Saved: /CSNG/roblikova/results/corr_matrices/C02/RS_before/sf250_win10_step1_bp1-45/corr_0179.npy
Saved: /CSNG/roblikova/results/corr_matrices/C02/RS_before/sf250_win10_step1_bp1-45/corr_0180.npy
Saved: /CSNG/roblikova/results/corr_matrices/C02/RS_before/sf250_win10_step1_bp1-45/corr_0181.npy
Saved: /CSNG/roblikova/results/corr_matrices/C02/RS_before/sf250_win10_step1_bp1-45/corr_0182.npy
Saved: /CSNG/roblikova/results/corr_matrices/C02/RS_before/sf250_win10_step1_bp1-45/corr_0183.npy
Saved: /CSNG/roblikova/results/corr_matrices/C02/RS_before/sf250_win10_step1_bp1-45/corr_0184.npy
Saved: /CSNG/roblikova/results/corr_matrices/C02/RS_before/sf250_win10_step1_bp1-45/corr_0185.npy
Saved: /CSNG/roblikova/results/corr_matrices/C02/RS_before/sf250_win10_step1_bp1-45/corr_0186.npy
Saved: /CSNG/roblikova/results/corr_matrices/C02/RS_before/sf250_win10_step1_bp1-45/corr_0187.npy
Saved: /CSNG/roblikova/results/corr_matrices/C02/RS_before/sf250_win10_step1_bp1-45/corr_0188.npy
Saved: /CSNG/roblikova/results/corr_matrices/C02/RS_before/sf250_win10_step1_bp1-45/corr_0189.npy
Saved: /CSNG/roblikova/results/corr_matrices/C02/RS_before/sf250_win10_step1_bp1-45/corr_0190.npy
Saved: /CSNG/roblikova/results/corr_matrices/C02/RS_before/sf250_win10_step1_bp1-45/corr_0191.npy
Saved: /CSNG/roblikova/results/corr_matrices/C02/RS_before/sf250_win10_step1_bp1-45/corr_0192.npy
Saved: /CSNG/roblikova/results/corr_matrices/C02/RS_before/sf250_win10_step1_bp1-45/corr_0193.npy
Saved: /CSNG/roblikova/results/corr_matrices/C02/RS_before/sf250_win10_step1_bp1-45/corr_0194.npy
Saved: /CSNG/roblikova/results/corr_matrices/C02/RS_before/sf250_win10_step1_bp1-45/corr_0195.npy
Saved: /CSNG/roblikova/results/corr_matrices/C02/RS_before/sf250_win10_step1_bp1-45/corr_0196.npy
Saved: /CSNG/roblikova/results/corr_matrices/C02/RS_before/sf250_win10_step1_bp1-45/corr_0197.npy
Saved: /CSNG/roblikova/results/corr_matrices/C02/RS_before/sf250_win10_step1_bp1-45/corr_0198.npy
Saved: /CSNG/roblikova/results/corr_matrices/C02/RS_before/sf250_win10_step1_bp1-45/corr_0199.npy
Saved: /CSNG/roblikova/results/corr_matrices/C02/RS_before/sf250_win10_step1_bp1-45/corr_0200.npy
Saved: /CSNG/roblikova/results/corr_matrices/C02/RS_before/sf250_win10_step1_bp1-45/corr_0201.npy
Saved: /CSNG/roblikova/results/corr_matrices/C02/RS_before/sf250_win10_step1_bp1-45/corr_0202.npy
Saved: /CSNG/roblikova/results/corr_matrices/C02/RS_before/sf250_win10_step1_bp1-45/corr_0203.npy
Saved: /CSNG/roblikova/results/corr_matrices/C02/RS_before/sf250_win10_step1_bp1-45/corr_0204.npy
Saved: /CSNG/roblikova/results/corr_matrices/C02/RS_before/sf250_win10_step1_bp1-45/corr_0205.npy
Saved: /CSNG/roblikova/results/corr_matrices/C02/RS_before/sf250_win10_step1_bp1-45/corr_0206.npy
Saved: /CSNG/roblikova/results/corr_matrices/C02/RS_before/sf250_win10_step1_bp1-45/corr_0207.npy
Saved: /CSNG/roblikova/results/corr_matrices/C02/RS_before/sf250_win10_step1_bp1-45/corr_0208.npy
Saved: /CSNG/roblikova/results/corr_matrices/C02/RS_before/sf250_win10_step1_bp1-45/corr_0209.npy
Saved: /CSNG/roblikova/results/corr_matrices/C02/RS_before/sf250_win10_step1_bp1-45/corr_0210.npy
Saved: /CSNG/roblikova/results/corr_matrices/C02/RS_before/sf250_win10_step1_bp1-45/corr_0211.npy
Saved: /CSNG/roblikova/results/corr_matrices/C02/RS_before/sf250_win10_step1_bp1-45/corr_0212.npy
Saved: /CSNG/roblikova/results/corr_matrices/C02/RS_before/sf250_win10_step1_bp1-45/corr_0213.npy
Saved: /CSNG/roblikova/results/corr_matrices/C02/RS_before/sf250_win10_step1_bp1-45/corr_0214.npy
Saved: /CSNG/roblikova/results/corr_matrices/C02/RS_before/sf250_win10_step1_bp1-45/corr_0215.npy
Saved: /CSNG/roblikova/results/corr_matrices/C02/RS_before/sf250_win10_step1_bp1-45/corr_0216.npy
Saved: /CSNG/roblikova/results/corr_matrices/C02/RS_before/sf250_win10_step1_bp1-45/corr_0217.npy
Saved: /CSNG/roblikova/results/corr_matrices/C02/RS_before/sf250_win10_step1_bp1-45/corr_0218.npy
Saved: /CSNG/roblikova/results/corr_matrices/C02/RS_before/sf250_win10_step1_bp1-45/corr_0219.npy
Saved: /CSNG/roblikova/results/corr_matrices/C02/RS_before/sf250_win10_step1_bp1-45/corr_0220.npy
Saved: /CSNG/roblikova/results/corr_matrices/C02/RS_before/sf250_win10_step1_bp1-45/corr_0221.npy
Saved: /CSNG/roblikova/results/corr_matrices/C02/RS_before/sf250_win10_step1_bp1-45/corr_0222.npy
Saved: /CSNG/roblikova/results/corr_matrices/C02/RS_before/sf250_win10_step1_bp1-45/corr_0223.npy
Saved: /CSNG/roblikova/results/corr_matrices/C02/RS_before/sf250_win10_step1_bp1-45/corr_0224.npy
Saved: /CSNG/roblikova/results/corr_matrices/C02/RS_before/sf250_win10_step1_bp1-45/corr_0225.npy
Saved: /CSNG/roblikova/results/corr_matrices/C02/RS_before/sf250_win10_step1_bp1-45/corr_0226.npy
Saved: /CSNG/roblikova/results/corr_matrices/C02/RS_before/sf250_win10_step1_bp1-45/corr_0227.npy
Saved: /CSNG/roblikova/results/corr_matrices/C02/RS_before/sf250_win10_step1_bp1-45/corr_0228.npy
Saved: /CSNG/roblikova/results/corr_matrices/C02/RS_before/sf250_win10_step1_bp1-45/corr_0229.npy
Saved: /CSNG/roblikova/results/corr_matrices/C02/RS_before/sf250_win10_step1_bp1-45/corr_0230.npy
Saved: /CSNG/roblikova/results/corr_matrices/C02/RS_before/sf250_win10_step1_bp1-45/corr_0231.npy
Saved: /CSNG/roblikova/results/corr_matrices/C02/RS_before/sf250_win10_step1_bp1-45/corr_0232.npy
Saved: /CSNG/roblikova/results/corr_matrices/C02/RS_before/sf250_win10_step1_bp1-45/corr_0233.npy
Saved: /CSNG/roblikova/results/corr_matrices/C02/RS_before/sf250_win10_step1_bp1-45/corr_0234.npy
Saved: /CSNG/roblikova/results/corr_matrices/C02/RS_before/sf250_win10_step1_bp1-45/corr_0235.npy
Saved: /CSNG/roblikova/results/corr_matrices/C02/RS_before/sf250_win10_step1_bp1-45/corr_0236.npy
Saved: /CSNG/roblikova/results/corr_matrices/C02/RS_before/sf250_win10_step1_bp1-45/corr_0237.npy
Saved: /CSNG/roblikova/results/corr_matrices/C02/RS_before/sf250_win10_step1_bp1-45/corr_0238.npy
Saved: /CSNG/roblikova/results/corr_matrices/C02/RS_before/sf250_win10_step1_bp1-45/corr_0239.npy
Saved: /CSNG/roblikova/results/corr_matrices/C02/RS_before/sf250_win10_step1_bp1-45/corr_0240.npy
Saved: /CSNG/roblikova/results/corr_matrices/C02/RS_before/sf250_win10_step1_bp1-45/corr_0241.npy
Saved: /CSNG/roblikova/results/corr_matrices/C02/RS_before/sf250_win10_step1_bp1-45/corr_0242.npy
Saved: /CSNG/roblikova/results/corr_matrices/C02/RS_before/sf250_win10_step1_bp1-45/corr_0243.npy
Saved: /CSNG/roblikova/results/corr_matrices/C02/RS_before/sf250_win10_step1_bp1-45/corr_0244.npy
Saved: /CSNG/roblikova/results/corr_matrices/C02/RS_before/sf250_win10_step1_bp1-45/corr_0245.npy
Saved: /CSNG/roblikova/results/corr_matrices/C02/RS_before/sf250_win10_step1_bp1-45/corr_0246.npy
Saved: /CSNG/roblikova/results/corr_matrices/C02/RS_before/sf250_win10_step1_bp1-45/corr_0247.npy
Saved: /CSNG/roblikova/results/corr_matrices/C02/RS_before/sf250_win10_step1_bp1-45/corr_0248.npy
Saved: /CSNG/roblikova/results/corr_matrices/C02/RS_before/sf250_win10_step1_bp1-45/corr_0249.npy
Saved: /CSNG/roblikova/results/corr_matrices/C02/RS_before/sf250_win10_step1_bp1-45/corr_0250.npy
Saved: /CSNG/roblikova/results/corr_matrices/C02/RS_before/sf250_win10_step1_bp1-45/corr_0251.npy
Saved: /CSNG/roblikova/results/corr_matrices/C02/RS_before/sf250_win10_step1_bp1-45/corr_0252.npy
Saved: /CSNG/roblikova/results/corr_matrices/C02/RS_before/sf250_win10_step1_bp1-45/corr_0253.npy
Saved: /CSNG/roblikova/results/corr_matrices/C02/RS_before/sf250_win10_step1_bp1-45/corr_0254.npy
Saved: /CSNG/roblikova/results/corr_matrices/C02/RS_before/sf250_win10_step1_bp1-45/corr_0255.npy
Saved: /CSNG/roblikova/results/corr_matrices/C02/RS_before/sf250_win10_step1_bp1-45/corr_0256.npy
Saved: /CSNG/roblikova/results/corr_matrices/C02/RS_before/sf250_win10_step1_bp1-45/corr_0257.npy
Saved: /CSNG/roblikova/results/corr_matrices/C02/RS_before/sf250_win10_step1_bp1-45/corr_0258.npy
Saved: /CSNG/roblikova/results/corr_matrices/C02/RS_before/sf250_win10_step1_bp1-45/corr_0259.npy
Saved: /CSNG/roblikova/results/corr_matrices/C02/RS_before/sf250_win10_step1_bp1-45/corr_0260.npy
Saved: /CSNG/roblikova/results/corr_matrices/C02/RS_before/sf250_win10_step1_bp1-45/corr_0261.npy
Saved: /CSNG/roblikova/results/corr_matrices/C02/RS_before/sf250_win10_step1_bp1-45/corr_0262.npy
Saved: /CSNG/roblikova/results/corr_matrices/C02/RS_before/sf250_win10_step1_bp1-45/corr_0263.npy
Saved: /CSNG/roblikova/results/corr_matrices/C02/RS_before/sf250_win10_step1_bp1-45/corr_0264.npy
Saved: /CSNG/roblikova/results/corr_matrices/C02/RS_before/sf250_win10_step1_bp1-45/corr_0265.npy
Saved: /CSNG/roblikova/results/corr_matrices/C02/RS_before/sf250_win10_step1_bp1-45/corr_0266.npy
Saved: /CSNG/roblikova/results/corr_matrices/C02/RS_before/sf250_win10_step1_bp1-45/corr_0267.npy
Saved: /CSNG/roblikova/results/corr_matrices/C02/RS_before/sf250_win10_step1_bp1-45/corr_0268.npy
Saved: /CSNG/roblikova/results/corr_matrices/C02/RS_before/sf250_win10_step1_bp1-45/corr_0269.npy
Saved: /CSNG/roblikova/results/corr_matrices/C02/RS_before/sf250_win10_step1_bp1-45/corr_0270.npy
Saved: /CSNG/roblikova/results/corr_matrices/C02/RS_before/sf250_win10_step1_bp1-45/corr_0271.npy
Saved: /CSNG/roblikova/results/corr_matrices/C02/RS_before/sf250_win10_step1_bp1-45/corr_0272.npy
Saved: /CSNG/roblikova/results/corr_matrices/C02/RS_before/sf250_win10_step1_bp1-45/corr_0273.npy
Saved: /CSNG/roblikova/results/corr_matrices/C02/RS_before/sf250_win10_step1_bp1-45/corr_0274.npy
Saved: /CSNG/roblikova/results/corr_matrices/C02/RS_before/sf250_win10_step1_bp1-45/corr_0275.npy
Saved: /CSNG/roblikova/results/corr_matrices/C02/RS_before/sf250_win10_step1_bp1-45/corr_0276.npy
Saved: /CSNG/roblikova/results/corr_matrices/C02/RS_before/sf250_win10_step1_bp1-45/corr_0277.npy
Saved: /CSNG/roblikova/results/corr_matrices/C02/RS_before/sf250_win10_step1_bp1-45/corr_0278.npy
Saved: /CSNG/roblikova/results/corr_matrices/C02/RS_before/sf250_win10_step1_bp1-45/corr_0279.npy
Saved: /CSNG/roblikova/results/corr_matrices/C02/RS_before/sf250_win10_step1_bp1-45/corr_0280.npy
Saved: /CSNG/roblikova/results/corr_matrices/C02/RS_before/sf250_win10_step1_bp1-45/corr_0281.npy
Saved: /CSNG/roblikova/results/corr_matrices/C02/RS_before/sf250_win10_step1_bp1-45/corr_0282.npy
Saved: /CSNG/roblikova/results/corr_matrices/C02/RS_before/sf250_win10_step1_bp1-45/corr_0283.npy
Saved: /CSNG/roblikova/results/corr_matrices/C02/RS_before/sf250_win10_step1_bp1-45/corr_0284.npy
Saved: /CSNG/roblikova/results/corr_matrices/C02/RS_before/sf250_win10_step1_bp1-45/corr_0285.npy
Saved: /CSNG/roblikova/results/corr_matrices/C02/RS_before/sf250_win10_step1_bp1-45/corr_0286.npy
Saved: /CSNG/roblikova/results/corr_matrices/C02/RS_before/sf250_win10_step1_bp1-45/corr_0287.npy
Saved: /CSNG/roblikova/results/corr_matrices/C02/RS_before/sf250_win10_step1_bp1-45/corr_0288.npy
Saved: /CSNG/roblikova/results/corr_matrices/C02/RS_before/sf250_win10_step1_bp1-45/corr_0289.npy
Saved: /CSNG/roblikova/results/corr_matrices/C02/RS_before/sf250_win10_step1_bp1-45/corr_0290.npy
Saved: /CSNG/roblikova/results/corr_matrices/C02/RS_before/sf250_win10_step1_bp1-45/corr_0291.npy
Saved: /CSNG/roblikova/results/corr_matrices/C02/RS_before/sf250_win10_step1_bp1-45/corr_0292.npy
Saved: /CSNG/roblikova/results/corr_matrices/C02/RS_before/sf250_win10_step1_bp1-45/corr_0293.npy
Saved: /CSNG/roblikova/results/corr_matrices/C02/RS_before/sf250_win10_step1_bp1-45/corr_0294.npy
Saved: /CSNG/roblikova/results/corr_matrices/C02/RS_before/sf250_win10_step1_bp1-45/corr_0295.npy
Saved: /CSNG/roblikova/results/corr_matrices/C02/RS_before/sf250_win10_step1_bp1-45/corr_0296.npy
Saved: /CSNG/roblikova/results/corr_matrices/C02/RS_before/sf250_win10_step1_bp1-45/corr_0297.npy
Saved: /CSNG/roblikova/results/corr_matrices/C02/RS_before/sf250_win10_step1_bp1-45/corr_0298.npy
Saved: /CSNG/roblikova/results/corr_matrices/C02/RS_before/sf250_win10_step1_bp1-45/corr_0299.npy
Saved: /CSNG/roblikova/results/corr_matrices/C02/RS_before/sf250_win10_step1_bp1-45/corr_0300.npy
Saved: /CSNG/roblikova/results/corr_matrices/C02/RS_before/sf250_win10_step1_bp1-45/corr_0301.npy
Saved: /CSNG/roblikova/results/corr_matrices/C02/RS_before/sf250_win10_step1_bp1-45/corr_0302.npy
Saved: /CSNG/roblikova/results/corr_matrices/C02/RS_before/sf250_win10_step1_bp1-45/corr_0303.npy
Saved: /CSNG/roblikova/results/corr_matrices/C02/RS_before/sf250_win10_step1_bp1-45/corr_0304.npy
Saved: /CSNG/roblikova/results/corr_matrices/C02/RS_before/sf250_win10_step1_bp1-45/corr_0305.npy
Saved: /CSNG/roblikova/results/corr_matrices/C02/RS_before/sf250_win10_step1_bp1-45/corr_0306.npy
Saved: /CSNG/roblikova/results/corr_matrices/C02/RS_before/sf250_win10_step1_bp1-45/corr_0307.npy
Saved: /CSNG/roblikova/results/corr_matrices/C02/RS_before/sf250_win10_step1_bp1-45/corr_0308.npy
Saved: /CSNG/roblikova/results/corr_matrices/C02/RS_before/sf250_win10_step1_bp1-45/corr_0309.npy
Saved: /CSNG/roblikova/results/corr_matrices/C02/RS_before/sf250_win10_step1_bp1-45/corr_0310.npy
Saved: /CSNG/roblikova/results/corr_matrices/C02/RS_before/sf250_win10_step1_bp1-45/corr_0311.npy
Saved: /CSNG/roblikova/results/corr_matrices/C02/RS_before/sf250_win10_step1_bp1-45/corr_0312.npy
Saved: /CSNG/roblikova/results/corr_matrices/C02/RS_before/sf250_win10_step1_bp1-45/corr_0313.npy
Saved: /CSNG/roblikova/results/corr_matrices/C02/RS_before/sf250_win10_step1_bp1-45/corr_0314.npy
Saved: /CSNG/roblikova/results/corr_matrices/C02/RS_before/sf250_win10_step1_bp1-45/corr_0315.npy
Saved: /CSNG/roblikova/results/corr_matrices/C02/RS_before/sf250_win10_step1_bp1-45/corr_0316.npy
Saved: /CSNG/roblikova/results/corr_matrices/C02/RS_before/sf250_win10_step1_bp1-45/corr_0317.npy
Saved: /CSNG/roblikova/results/corr_matrices/C02/RS_before/sf250_win10_step1_bp1-45/corr_0318.npy
Saved: /CSNG/roblikova/results/corr_matrices/C02/RS_before/sf250_win10_step1_bp1-45/corr_0319.npy
Saved: /CSNG/roblikova/results/corr_matrices/C02/RS_before/sf250_win10_step1_bp1-45/corr_0320.npy
Saved: /CSNG/roblikova/results/corr_matrices/C02/RS_before/sf250_win10_step1_bp1-45/corr_0321.npy
Saved: /CSNG/roblikova/results/corr_matrices/C02/RS_before/sf250_win10_step1_bp1-45/corr_0322.npy
Saved: /CSNG/roblikova/results/corr_matrices/C02/RS_before/sf250_win10_step1_bp1-45/corr_0323.npy
Saved: /CSNG/roblikova/results/corr_matrices/C02/RS_before/sf250_win10_step1_bp1-45/corr_0324.npy
Saved: /CSNG/roblikova/results/corr_matrices/C02/RS_before/sf250_win10_step1_bp1-45/corr_0325.npy
Saved: /CSNG/roblikova/results/corr_matrices/C02/RS_before/sf250_win10_step1_bp1-45/corr_0326.npy
Saved: /CSNG/roblikova/results/corr_matrices/C02/RS_before/sf250_win10_step1_bp1-45/corr_0327.npy
Saved: /CSNG/roblikova/results/corr_matrices/C02/RS_before/sf250_win10_step1_bp1-45/corr_0328.npy
Saved: /CSNG/roblikova/results/corr_matrices/C02/RS_before/sf250_win10_step1_bp1-45/corr_0329.npy
Saved: /CSNG/roblikova/results/corr_matrices/C02/RS_before/sf250_win10_step1_bp1-45/corr_0330.npy
Saved: /CSNG/roblikova/results/corr_matrices/C02/RS_before/sf250_win10_step1_bp1-45/corr_0331.npy
Saved: /CSNG/roblikova/results/corr_matrices/C02/RS_before/sf250_win10_step1_bp1-45/corr_0332.npy
Saved: /CSNG/roblikova/results/corr_matrices/C02/RS_before/sf250_win10_step1_bp1-45/corr_0333.npy
Saved: /CSNG/roblikova/results/corr_matrices/C02/RS_before/sf250_win10_step1_bp1-45/corr_0334.npy
Saved: /CSNG/roblikova/results/corr_matrices/C02/RS_before/sf250_win10_step1_bp1-45/corr_0335.npy
Saved: /CSNG/roblikova/results/corr_matrices/C02/RS_before/sf250_win10_step1_bp1-45/corr_0336.npy
Saved: /CSNG/roblikova/results/corr_matrices/C02/RS_before/sf250_win10_step1_bp1-45/corr_0337.npy
Saved: /CSNG/roblikova/results/corr_matrices/C02/RS_before/sf250_win10_step1_bp1-45/corr_0338.npy
Saved: /CSNG/roblikova/results/corr_matrices/C02/RS_before/sf250_win10_step1_bp1-45/corr_0339.npy
Saved: /CSNG/roblikova/results/corr_matrices/C02/RS_before/sf250_win10_step1_bp1-45/corr_0340.npy
Saved: /CSNG/roblikova/results/corr_matrices/C02/RS_before/sf250_win10_step1_bp1-45/corr_0341.npy
Saved: /CSNG/roblikova/results/corr_matrices/C02/RS_before/sf250_win10_step1_bp1-45/corr_0342.npy
Saved: /CSNG/roblikova/results/corr_matrices/C02/RS_before/sf250_win10_step1_bp1-45/corr_0343.npy
Saved: /CSNG/roblikova/results/corr_matrices/C02/RS_before/sf250_win10_step1_bp1-45/corr_0344.npy
Saved: /CSNG/roblikova/results/corr_matrices/C02/RS_before/sf250_win10_step1_bp1-45/corr_0345.npy
Saved: /CSNG/roblikova/results/corr_matrices/C02/RS_before/sf250_win10_step1_bp1-45/corr_0346.npy
Saved: /CSNG/roblikova/results/corr_matrices/C02/RS_before/sf250_win10_step1_bp1-45/corr_0347.npy
Saved: /CSNG/roblikova/results/corr_matrices/C02/RS_before/sf250_win10_step1_bp1-45/corr_0348.npy
Saved: /CSNG/roblikova/results/corr_matrices/C02/RS_before/sf250_win10_step1_bp1-45/corr_0349.npy
Saved: /CSNG/roblikova/results/corr_matrices/C02/RS_before/sf250_win10_step1_bp1-45/corr_0350.npy
Saved: /CSNG/roblikova/results/corr_matrices/C02/RS_before/sf250_win10_step1_bp1-45/corr_0351.npy
Saved: /CSNG/roblikova/results/corr_matrices/C02/RS_before/sf250_win10_step1_bp1-45/corr_0352.npy
Saved: /CSNG/roblikova/results/corr_matrices/C02/RS_before/sf250_win10_step1_bp1-45/corr_0353.npy
Saved: /CSNG/roblikova/results/corr_matrices/C02/RS_before/sf250_win10_step1_bp1-45/corr_0354.npy
Saved: /CSNG/roblikova/results/corr_matrices/C02/RS_before/sf250_win10_step1_bp1-45/corr_0355.npy
Saved: /CSNG/roblikova/results/corr_matrices/C02/RS_before/sf250_win10_step1_bp1-45/corr_0356.npy
Saved: /CSNG/roblikova/results/corr_matrices/C02/RS_before/sf250_win10_step1_bp1-45/corr_0357.npy
Saved: /CSNG/roblikova/results/corr_matrices/C02/RS_before/sf250_win10_step1_bp1-45/corr_0358.npy
Saved: /CSNG/roblikova/results/corr_matrices/C02/RS_before/sf250_win10_step1_bp1-45/corr_0359.npy
Saved: /CSNG/roblikova/results/corr_matrices/C02/RS_before/sf250_win10_step1_bp1-45/corr_0360.npy
Saved: /CSNG/roblikova/results/corr_matrices/C02/RS_before/sf250_win10_step1_bp1-45/corr_0361.npy
Saved: /CSNG/roblikova/results/corr_matrices/C02/RS_before/sf250_win10_step1_bp1-45/corr_0362.npy
Saved: /CSNG/roblikova/results/corr_matrices/C02/RS_before/sf250_win10_step1_bp1-45/corr_0363.npy
Saved: /CSNG/roblikova/results/corr_matrices/C02/RS_before/sf250_win10_step1_bp1-45/corr_0364.npy
Saved: /CSNG/roblikova/results/corr_matrices/C02/RS_before/sf250_win10_step1_bp1-45/corr_0365.npy
Saved: /CSNG/roblikova/results/corr_matrices/C02/RS_before/sf250_win10_step1_bp1-45/corr_0366.npy
Saved: /CSNG/roblikova/results/corr_matrices/C02/RS_before/sf250_win10_step1_bp1-45/corr_0367.npy
Saved: /CSNG/roblikova/results/corr_matrices/C02/RS_before/sf250_win10_step1_bp1-45/corr_0368.npy
Saved: /CSNG/roblikova/results/corr_matrices/C02/RS_before/sf250_win10_step1_bp1-45/corr_0369.npy
Saved: /CSNG/roblikova/results/corr_matrices/C02/RS_before/sf250_win10_step1_bp1-45/corr_0370.npy
Saved: /CSNG/roblikova/results/corr_matrices/C02/RS_before/sf250_win10_step1_bp1-45/corr_0371.npy
Saved: /CSNG/roblikova/results/corr_matrices/C02/RS_before/sf250_win10_step1_bp1-45/corr_0372.npy
Saved: /CSNG/roblikova/results/corr_matrices/C02/RS_before/sf250_win10_step1_bp1-45/corr_0373.npy
Saved: /CSNG/roblikova/results/corr_matrices/C02/RS_before/sf250_win10_step1_bp1-45/corr_0374.npy
Saved: /CSNG/roblikova/results/corr_matrices/C02/RS_before/sf250_win10_step1_bp1-45/corr_0375.npy
Saved: /CSNG/roblikova/results/corr_matrices/C02/RS_before/sf250_win10_step1_bp1-45/corr_0376.npy
Saved: /CSNG/roblikova/results/corr_matrices/C02/RS_before/sf250_win10_step1_bp1-45/corr_0377.npy
Saved: /CSNG/roblikova/results/corr_matrices/C02/RS_before/sf250_win10_step1_bp1-45/corr_0378.npy
Saved: /CSNG/roblikova/results/corr_matrices/C02/RS_before/sf250_win10_step1_bp1-45/corr_0379.npy
Saved: /CSNG/roblikova/results/corr_matrices/C02/RS_before/sf250_win10_step1_bp1-45/corr_0380.npy
Saved: /CSNG/roblikova/results/corr_matrices/C02/RS_before/sf250_win10_step1_bp1-45/corr_0381.npy
Saved: /CSNG/roblikova/results/corr_matrices/C02/RS_before/sf250_win10_step1_bp1-45/corr_0382.npy
Saved: /CSNG/roblikova/results/corr_matrices/C02/RS_before/sf250_win10_step1_bp1-45/corr_0383.npy
Saved: /CSNG/roblikova/results/corr_matrices/C02/RS_before/sf250_win10_step1_bp1-45/corr_0384.npy
Saved: /CSNG/roblikova/results/corr_matrices/C02/RS_before/sf250_win10_step1_bp1-45/corr_0385.npy
Saved: /CSNG/roblikova/results/corr_matrices/C02/RS_before/sf250_win10_step1_bp1-45/corr_0386.npy
Saved: /CSNG/roblikova/results/corr_matrices/C02/RS_before/sf250_win10_step1_bp1-45/corr_0387.npy
Saved: /CSNG/roblikova/results/corr_matrices/C02/RS_before/sf250_win10_step1_bp1-45/corr_0388.npy
Saved: /CSNG/roblikova/results/corr_matrices/C02/RS_before/sf250_win10_step1_bp1-45/corr_0389.npy
Saved: /CSNG/roblikova/results/corr_matrices/C02/RS_before/sf250_win10_step1_bp1-45/corr_0390.npy
Saved: /CSNG/roblikova/results/corr_matrices/C02/RS_before/sf250_win10_step1_bp1-45/corr_0391.npy
Saved: /CSNG/roblikova/results/corr_matrices/C02/RS_before/sf250_win10_step1_bp1-45/corr_0392.npy
Saved: /CSNG/roblikova/results/corr_matrices/C02/RS_before/sf250_win10_step1_bp1-45/corr_0393.npy
Saved: /CSNG/roblikova/results/corr_matrices/C02/RS_before/sf250_win10_step1_bp1-45/corr_0394.npy
Saved: /CSNG/roblikova/results/corr_matrices/C02/RS_before/sf250_win10_step1_bp1-45/corr_0395.npy
Saved: /CSNG/roblikova/results/corr_matrices/C02/RS_before/sf250_win10_step1_bp1-45/corr_0396.npy
Saved: /CSNG/roblikova/results/corr_matrices/C02/RS_before/sf250_win10_step1_bp1-45/corr_0397.npy
Saved: /CSNG/roblikova/results/corr_matrices/C02/RS_before/sf250_win10_step1_bp1-45/corr_0398.npy
Saved: /CSNG/roblikova/results/corr_matrices/C02/RS_before/sf250_win10_step1_bp1-45/corr_0399.npy
Saved: /CSNG/roblikova/results/corr_matrices/C02/RS_before/sf250_win10_step1_bp1-45/corr_0400.npy
Saved: /CSNG/roblikova/results/corr_matrices/C02/RS_before/sf250_win10_step1_bp1-45/corr_0401.npy
Saved: /CSNG/roblikova/results/corr_matrices/C02/RS_before/sf250_win10_step1_bp1-45/corr_0402.npy
Saved: /CSNG/roblikova/results/corr_matrices/C02/RS_before/sf250_win10_step1_bp1-45/corr_0403.npy
Saved: /CSNG/roblikova/results/corr_matrices/C02/RS_before/sf250_win10_step1_bp1-45/corr_0404.npy
Saved: /CSNG/roblikova/results/corr_matrices/C02/RS_before/sf250_win10_step1_bp1-45/corr_0405.npy
Saved: /CSNG/roblikova/results/corr_matrices/C02/RS_before/sf250_win10_step1_bp1-45/corr_0406.npy
Saved: /CSNG/roblikova/results/corr_matrices/C02/RS_before/sf250_win10_step1_bp1-45/corr_0407.npy
Saved: /CSNG/roblikova/results/corr_matrices/C02/RS_before/sf250_win10_step1_bp1-45/corr_0408.npy
Saved: /CSNG/roblikova/results/corr_matrices/C02/RS_before/sf250_win10_step1_bp1-45/corr_0409.npy
Saved: /CSNG/roblikova/results/corr_matrices/C02/RS_before/sf250_win10_step1_bp1-45/corr_0410.npy
Saved: /CSNG/roblikova/results/corr_matrices/C02/RS_before/sf250_win10_step1_bp1-45/corr_0411.npy
Saved: /CSNG/roblikova/results/corr_matrices/C02/RS_before/sf250_win10_step1_bp1-45/corr_0412.npy
Saved: /CSNG/roblikova/results/corr_matrices/C02/RS_before/sf250_win10_step1_bp1-45/corr_0413.npy
Saved: /CSNG/roblikova/results/corr_matrices/C02/RS_before/sf250_win10_step1_bp1-45/corr_0414.npy
Saved: /CSNG/roblikova/results/corr_matrices/C02/RS_before/sf250_win10_step1_bp1-45/corr_0415.npy
Saved: /CSNG/roblikova/results/corr_matrices/C02/RS_before/sf250_win10_step1_bp1-45/corr_0416.npy
Saved: /CSNG/roblikova/results/corr_matrices/C02/RS_before/sf250_win10_step1_bp1-45/corr_0417.npy
Saved: /CSNG/roblikova/results/corr_matrices/C02/RS_before/sf250_win10_step1_bp1-45/corr_0418.npy
Saved: /CSNG/roblikova/results/corr_matrices/C02/RS_before/sf250_win10_step1_bp1-45/corr_0419.npy
Saved: /CSNG/roblikova/results/corr_matrices/C02/RS_before/sf250_win10_step1_bp1-45/corr_0420.npy
Saved: /CSNG/roblikova/results/corr_matrices/C02/RS_before/sf250_win10_step1_bp1-45/corr_0421.npy
Saved: /CSNG/roblikova/results/corr_matrices/C02/RS_before/sf250_win10_step1_bp1-45/corr_0422.npy
Saved: /CSNG/roblikova/results/corr_matrices/C02/RS_before/sf250_win10_step1_bp1-45/corr_0423.npy
Saved: /CSNG/roblikova/results/corr_matrices/C02/RS_before/sf250_win10_step1_bp1-45/corr_0424.npy
Saved: /CSNG/roblikova/results/corr_matrices/C02/RS_before/sf250_win10_step1_bp1-45/corr_0425.npy
Saved: /CSNG/roblikova/results/corr_matrices/C02/RS_before/sf250_win10_step1_bp1-45/corr_0426.npy
Saved: /CSNG/roblikova/results/corr_matrices/C02/RS_before/sf250_win10_step1_bp1-45/corr_0427.npy
Saved: /CSNG/roblikova/results/corr_matrices/C02/RS_before/sf250_win10_step1_bp1-45/corr_0428.npy
Saved: /CSNG/roblikova/results/corr_matrices/C02/RS_before/sf250_win10_step1_bp1-45/corr_0429.npy
Saved: /CSNG/roblikova/results/corr_matrices/C02/RS_before/sf250_win10_step1_bp1-45/corr_0430.npy
Saved: /CSNG/roblikova/results/corr_matrices/C02/RS_before/sf250_win10_step1_bp1-45/corr_0431.npy
Saved: /CSNG/roblikova/results/corr_matrices/C02/RS_before/sf250_win10_step1_bp1-45/corr_0432.npy
Saved: /CSNG/roblikova/results/corr_matrices/C02/RS_before/sf250_win10_step1_bp1-45/corr_0433.npy
Saved: /CSNG/roblikova/results/corr_matrices/C02/RS_before/sf250_win10_step1_bp1-45/corr_0434.npy
Saved: /CSNG/roblikova/results/corr_matrices/C02/RS_before/sf250_win10_step1_bp1-45/corr_0435.npy
Saved: /CSNG/roblikova/results/corr_matrices/C02/RS_before/sf250_win10_step1_bp1-45/corr_0436.npy
Saved: /CSNG/roblikova/results/corr_matrices/C02/RS_before/sf250_win10_step1_bp1-45/corr_0437.npy
Saved: /CSNG/roblikova/results/corr_matrices/C02/RS_before/sf250_win10_step1_bp1-45/corr_0438.npy
Saved: /CSNG/roblikova/results/corr_matrices/C02/RS_before/sf250_win10_step1_bp1-45/corr_0439.npy
Saved: /CSNG/roblikova/results/corr_matrices/C02/RS_before/sf250_win10_step1_bp1-45/corr_0440.npy
Saved: /CSNG/roblikova/results/corr_matrices/C02/RS_before/sf250_win10_step1_bp1-45/corr_0441.npy
Saved: /CSNG/roblikova/results/corr_matrices/C02/RS_before/sf250_win10_step1_bp1-45/corr_0442.npy
Saved: /CSNG/roblikova/results/corr_matrices/C02/RS_before/sf250_win10_step1_bp1-45/corr_0443.npy
Saved: /CSNG/roblikova/results/corr_matrices/C02/RS_before/sf250_win10_step1_bp1-45/corr_0444.npy
Saved: /CSNG/roblikova/results/corr_matrices/C02/RS_before/sf250_win10_step1_bp1-45/corr_0445.npy
Saved: /CSNG/roblikova/results/corr_matrices/C02/RS_before/sf250_win10_step1_bp1-45/corr_0446.npy
Saved: /CSNG/roblikova/results/corr_matrices/C02/RS_before/sf250_win10_step1_bp1-45/corr_0447.npy
Saved: /CSNG/roblikova/results/corr_matrices/C02/RS_before/sf250_win10_step1_bp1-45/corr_0448.npy
Saved: /CSNG/roblikova/results/corr_matrices/C02/RS_before/sf250_win10_step1_bp1-45/corr_0449.npy
Saved: /CSNG/roblikova/results/corr_matrices/C02/RS_before/sf250_win10_step1_bp1-45/corr_0450.npy
Saved: /CSNG/roblikova/results/corr_matrices/C02/RS_before/sf250_win10_step1_bp1-45/corr_0451.npy
Saved: /CSNG/roblikova/results/corr_matrices/C02/RS_before/sf250_win10_step1_bp1-45/corr_0452.npy
Saved: /CSNG/roblikova/results/corr_matrices/C02/RS_before/sf250_win10_step1_bp1-45/corr_0453.npy
Saved: /CSNG/roblikova/results/corr_matrices/C02/RS_before/sf250_win10_step1_bp1-45/corr_0454.npy
Saved: /CSNG/roblikova/results/corr_matrices/C02/RS_before/sf250_win10_step1_bp1-45/corr_0455.npy
Saved: /CSNG/roblikova/results/corr_matrices/C02/RS_before/sf250_win10_step1_bp1-45/corr_0456.npy
Saved: /CSNG/roblikova/results/corr_matrices/C02/RS_before/sf250_win10_step1_bp1-45/corr_0457.npy
Saved: /CSNG/roblikova/results/corr_matrices/C02/RS_before/sf250_win10_step1_bp1-45/corr_0458.npy
Saved: /CSNG/roblikova/results/corr_matrices/C02/RS_before/sf250_win10_step1_bp1-45/corr_0459.npy
Saved: /CSNG/roblikova/results/corr_matrices/C02/RS_before/sf250_win10_step1_bp1-45/corr_0460.npy
Saved: /CSNG/roblikova/results/corr_matrices/C02/RS_before/sf250_win10_step1_bp1-45/corr_0461.npy
Saved: /CSNG/roblikova/results/corr_matrices/C02/RS_before/sf250_win10_step1_bp1-45/corr_0462.npy
Saved: /CSNG/roblikova/results/corr_matrices/C02/RS_before/sf250_win10_step1_bp1-45/corr_0463.npy
Saved: /CSNG/roblikova/results/corr_matrices/C02/RS_before/sf250_win10_step1_bp1-45/corr_0464.npy
Saved: /CSNG/roblikova/results/corr_matrices/C02/RS_before/sf250_win10_step1_bp1-45/corr_0465.npy
Saved: /CSNG/roblikova/results/corr_matrices/C02/RS_before/sf250_win10_step1_bp1-45/corr_0466.npy
Saved: /CSNG/roblikova/results/corr_matrices/C02/RS_before/sf250_win10_step1_bp1-45/corr_0467.npy
Saved: /CSNG/roblikova/results/corr_matrices/C02/RS_before/sf250_win10_step1_bp1-45/corr_0468.npy
Saved: /CSNG/roblikova/results/corr_matrices/C02/RS_before/sf250_win10_step1_bp1-45/corr_0469.npy
Saved: /CSNG/roblikova/results/corr_matrices/C02/RS_before/sf250_win10_step1_bp1-45/corr_0470.npy
Saved: /CSNG/roblikova/results/corr_matrices/C02/RS_before/sf250_win10_step1_bp1-45/corr_0471.npy
Saved: /CSNG/roblikova/results/corr_matrices/C02/RS_before/sf250_win10_step1_bp1-45/corr_0472.npy
Saved: /CSNG/roblikova/results/corr_matrices/C02/RS_before/sf250_win10_step1_bp1-45/corr_0473.npy
Saved: /CSNG/roblikova/results/corr_matrices/C02/RS_before/sf250_win10_step1_bp1-45/corr_0474.npy
Saved: /CSNG/roblikova/results/corr_matrices/C02/RS_before/sf250_win10_step1_bp1-45/corr_0475.npy
Saved: /CSNG/roblikova/results/corr_matrices/C02/RS_before/sf250_win10_step1_bp1-45/corr_0476.npy
Saved: /CSNG/roblikova/results/corr_matrices/C02/RS_before/sf250_win10_step1_bp1-45/corr_0477.npy
Saved: /CSNG/roblikova/results/corr_matrices/C02/RS_before/sf250_win10_step1_bp1-45/corr_0478.npy
Saved: /CSNG/roblikova/results/corr_matrices/C02/RS_before/sf250_win10_step1_bp1-45/corr_0479.npy
Saved: /CSNG/roblikova/results/corr_matrices/C02/RS_before/sf250_win10_step1_bp1-45/corr_0480.npy
Saved: /CSNG/roblikova/results/corr_matrices/C02/RS_before/sf250_win10_step1_bp1-45/corr_0481.npy
Saved: /CSNG/roblikova/results/corr_matrices/C02/RS_before/sf250_win10_step1_bp1-45/corr_0482.npy
Saved: /CSNG/roblikova/results/corr_matrices/C02/RS_before/sf250_win10_step1_bp1-45/corr_0483.npy
Saved: /CSNG/roblikova/results/corr_matrices/C02/RS_before/sf250_win10_step1_bp1-45/corr_0484.npy
Saved: /CSNG/roblikova/results/corr_matrices/C02/RS_before/sf250_win10_step1_bp1-45/corr_0485.npy
Saved: /CSNG/roblikova/results/corr_matrices/C02/RS_before/sf250_win10_step1_bp1-45/corr_0486.npy
Saved: /CSNG/roblikova/results/corr_matrices/C02/RS_before/sf250_win10_step1_bp1-45/corr_0487.npy
Saved: /CSNG/roblikova/results/corr_matrices/C02/RS_before/sf250_win10_step1_bp1-45/corr_0488.npy
Saved: /CSNG/roblikova/results/corr_matrices/C02/RS_before/sf250_win10_step1_bp1-45/corr_0489.npy
Saved: /CSNG/roblikova/results/corr_matrices/C02/RS_before/sf250_win10_step1_bp1-45/corr_0490.npy
Saved: /CSNG/roblikova/results/corr_matrices/C02/RS_before/sf250_win10_step1_bp1-45/corr_0491.npy
Saved: /CSNG/roblikova/results/corr_matrices/C02/RS_before/sf250_win10_step1_bp1-45/corr_0492.npy
Saved: /CSNG/roblikova/results/corr_matrices/C02/RS_before/sf250_win10_step1_bp1-45/corr_0493.npy
Saved: /CSNG/roblikova/results/corr_matrices/C02/RS_before/sf250_win10_step1_bp1-45/corr_0494.npy
Saved: /CSNG/roblikova/results/corr_matrices/C02/RS_before/sf250_win10_step1_bp1-45/corr_0495.npy
Saved: /CSNG/roblikova/results/corr_matrices/C02/RS_before/sf250_win10_step1_bp1-45/corr_0496.npy
Saved: /CSNG/roblikova/results/corr_matrices/C02/RS_before/sf250_win10_step1_bp1-45/corr_0497.npy
Saved: /CSNG/roblikova/results/corr_matrices/C02/RS_before/sf250_win10_step1_bp1-45/corr_0498.npy
Saved: /CSNG/roblikova/results/corr_matrices/C02/RS_before/sf250_win10_step1_bp1-45/corr_0499.npy
Saved: /CSNG/roblikova/results/corr_matrices/C02/RS_before/sf250_win10_step1_bp1-45/corr_0500.npy
Saved: /CSNG/roblikova/results/corr_matrices/C02/RS_before/sf250_win10_step1_bp1-45/corr_0501.npy
Saved: /CSNG/roblikova/results/corr_matrices/C02/RS_before/sf250_win10_step1_bp1-45/corr_0502.npy
Saved: /CSNG/roblikova/results/corr_matrices/C02/RS_before/sf250_win10_step1_bp1-45/corr_0503.npy
Saved: /CSNG/roblikova/results/corr_matrices/C02/RS_before/sf250_win10_step1_bp1-45/corr_0504.npy
Saved: /CSNG/roblikova/results/corr_matrices/C02/RS_before/sf250_win10_step1_bp1-45/corr_0505.npy
Saved: /CSNG/roblikova/results/corr_matrices/C02/RS_before/sf250_win10_step1_bp1-45/corr_0506.npy
Saved: /CSNG/roblikova/results/corr_matrices/C02/RS_before/sf250_win10_step1_bp1-45/corr_0507.npy
Saved: /CSNG/roblikova/results/corr_matrices/C02/RS_before/sf250_win10_step1_bp1-45/corr_0508.npy
Saved: /CSNG/roblikova/results/corr_matrices/C02/RS_before/sf250_win10_step1_bp1-45/corr_0509.npy
Saved: /CSNG/roblikova/results/corr_matrices/C02/RS_before/sf250_win10_step1_bp1-45/corr_0510.npy
Saved: /CSNG/roblikova/results/corr_matrices/C02/RS_before/sf250_win10_step1_bp1-45/corr_0511.npy
Saved: /CSNG/roblikova/results/corr_matrices/C02/RS_before/sf250_win10_step1_bp1-45/corr_0512.npy
Saved: /CSNG/roblikova/results/corr_matrices/C02/RS_before/sf250_win10_step1_bp1-45/corr_0513.npy
Saved: /CSNG/roblikova/results/corr_matrices/C02/RS_before/sf250_win10_step1_bp1-45/corr_0514.npy
Saved: /CSNG/roblikova/results/corr_matrices/C02/RS_before/sf250_win10_step1_bp1-45/corr_0515.npy
Saved: /CSNG/roblikova/results/corr_matrices/C02/RS_before/sf250_win10_step1_bp1-45/corr_0516.npy
Saved: /CSNG/roblikova/results/corr_matrices/C02/RS_before/sf250_win10_step1_bp1-45/corr_0517.npy
Saved: /CSNG/roblikova/results/corr_matrices/C02/RS_before/sf250_win10_step1_bp1-45/corr_0518.npy
Saved: /CSNG/roblikova/results/corr_matrices/C02/RS_before/sf250_win10_step1_bp1-45/corr_0519.npy
Saved: /CSNG/roblikova/results/corr_matrices/C02/RS_before/sf250_win10_step1_bp1-45/corr_0520.npy
Saved: /CSNG/roblikova/results/corr_matrices/C02/RS_before/sf250_win10_step1_bp1-45/corr_0521.npy
Saved: /CSNG/roblikova/results/corr_matrices/C02/RS_before/sf250_win10_step1_bp1-45/corr_0522.npy
Saved: /CSNG/roblikova/results/corr_matrices/C02/RS_before/sf250_win10_step1_bp1-45/corr_0523.npy
Saved: /CSNG/roblikova/results/corr_matrices/C02/RS_before/sf250_win10_step1_bp1-45/corr_0524.npy
Saved: /CSNG/roblikova/results/corr_matrices/C02/RS_before/sf250_win10_step1_bp1-45/corr_0525.npy
Saved: /CSNG/roblikova/results/corr_matrices/C02/RS_before/sf250_win10_step1_bp1-45/corr_0526.npy
Saved: /CSNG/roblikova/results/corr_matrices/C02/RS_before/sf250_win10_step1_bp1-45/corr_0527.npy
Saved: /CSNG/roblikova/results/corr_matrices/C02/RS_before/sf250_win10_step1_bp1-45/corr_0528.npy
Saved: /CSNG/roblikova/results/corr_matrices/C02/RS_before/sf250_win10_step1_bp1-45/corr_0529.npy
Saved: /CSNG/roblikova/results/corr_matrices/C02/RS_before/sf250_win10_step1_bp1-45/corr_0530.npy
Saved: /CSNG/roblikova/results/corr_matrices/C02/RS_before/sf250_win10_step1_bp1-45/corr_0531.npy
Saved: /CSNG/roblikova/results/corr_matrices/C02/RS_before/sf250_win10_step1_bp1-45/corr_0532.npy
Saved: /CSNG/roblikova/results/corr_matrices/C02/RS_before/sf250_win10_step1_bp1-45/corr_0533.npy
Saved: /CSNG/roblikova/results/corr_matrices/C02/RS_before/sf250_win10_step1_bp1-45/corr_0534.npy
Saved: /CSNG/roblikova/results/corr_matrices/C02/RS_before/sf250_win10_step1_bp1-45/corr_0535.npy
Saved: /CSNG/roblikova/results/corr_matrices/C02/RS_before/sf250_win10_step1_bp1-45/corr_0536.npy
Saved: /CSNG/roblikova/results/corr_matrices/C02/RS_before/sf250_win10_step1_bp1-45/corr_0537.npy
Saved: /CSNG/roblikova/results/corr_matrices/C02/RS_before/sf250_win10_step1_bp1-45/corr_0538.npy
Saved: /CSNG/roblikova/results/corr_matrices/C02/RS_before/sf250_win10_step1_bp1-45/corr_0539.npy
Saved: /CSNG/roblikova/results/corr_matrices/C02/RS_before/sf250_win10_step1_bp1-45/corr_0540.npy
Saved: /CSNG/roblikova/results/corr_matrices/C02/RS_before/sf250_win10_step1_bp1-45/corr_0541.npy
Saved: /CSNG/roblikova/results/corr_matrices/C02/RS_before/sf250_win10_step1_bp1-45/corr_0542.npy
Saved: /CSNG/roblikova/results/corr_matrices/C02/RS_before/sf250_win10_step1_bp1-45/corr_0543.npy
Saved: /CSNG/roblikova/results/corr_matrices/C02/RS_before/sf250_win10_step1_bp1-45/corr_0544.npy
Saved: /CSNG/roblikova/results/corr_matrices/C02/RS_before/sf250_win10_step1_bp1-45/corr_0545.npy
Saved: /CSNG/roblikova/results/corr_matrices/C02/RS_before/sf250_win10_step1_bp1-45/corr_0546.npy
Saved: /CSNG/roblikova/results/corr_matrices/C02/RS_before/sf250_win10_step1_bp1-45/corr_0547.npy
Saved: /CSNG/roblikova/results/corr_matrices/C02/RS_before/sf250_win10_step1_bp1-45/corr_0548.npy
Saved: /CSNG/roblikova/results/corr_matrices/C02/RS_before/sf250_win10_step1_bp1-45/corr_0549.npy
Saved: /CSNG/roblikova/results/corr_matrices/C02/RS_before/sf250_win10_step1_bp1-45/corr_0550.npy
Saved: /CSNG/roblikova/results/corr_matrices/C02/RS_before/sf250_win10_step1_bp1-45/corr_0551.npy
Saved: /CSNG/roblikova/results/corr_matrices/C02/RS_before/sf250_win10_step1_bp1-45/corr_0552.npy
Saved: /CSNG/roblikova/results/corr_matrices/C02/RS_before/sf250_win10_step1_bp1-45/corr_0553.npy
Saved: /CSNG/roblikova/results/corr_matrices/C02/RS_before/sf250_win10_step1_bp1-45/corr_0554.npy
Saved: /CSNG/roblikova/results/corr_matrices/C02/RS_before/sf250_win10_step1_bp1-45/corr_0555.npy
Saved: /CSNG/roblikova/results/corr_matrices/C02/RS_before/sf250_win10_step1_bp1-45/corr_0556.npy
Saved: /CSNG/roblikova/results/corr_matrices/C02/RS_before/sf250_win10_step1_bp1-45/corr_0557.npy
Saved: /CSNG/roblikova/results/corr_matrices/C02/RS_before/sf250_win10_step1_bp1-45/corr_0558.npy
Saved: /CSNG/roblikova/results/corr_matrices/C02/RS_before/sf250_win10_step1_bp1-45/corr_0559.npy
Saved: /CSNG/roblikova/results/corr_matrices/C02/RS_before/sf250_win10_step1_bp1-45/corr_0560.npy
Saved: /CSNG/roblikova/results/corr_matrices/C02/RS_before/sf250_win10_step1_bp1-45/corr_0561.npy
Saved: /CSNG/roblikova/results/corr_matrices/C02/RS_before/sf250_win10_step1_bp1-45/corr_0562.npy
Saved: /CSNG/roblikova/results/corr_matrices/C02/RS_before/sf250_win10_step1_bp1-45/corr_0563.npy
Saved: /CSNG/roblikova/results/corr_matrices/C02/RS_before/sf250_win10_step1_bp1-45/corr_0564.npy
Saved: /CSNG/roblikova/results/corr_matrices/C02/RS_before/sf250_win10_step1_bp1-45/corr_0565.npy
Saved: /CSNG/roblikova/results/corr_matrices/C02/RS_before/sf250_win10_step1_bp1-45/corr_0566.npy
Saved: /CSNG/roblikova/results/corr_matrices/C02/RS_before/sf250_win10_step1_bp1-45/corr_0567.npy
Saved: /CSNG/roblikova/results/corr_matrices/C02/RS_before/sf250_win10_step1_bp1-45/corr_0568.npy
Saved: /CSNG/roblikova/results/corr_matrices/C02/RS_before/sf250_win10_step1_bp1-45/corr_0569.npy
Saved: /CSNG/roblikova/results/corr_matrices/C02/RS_before/sf250_win10_step1_bp1-45/corr_0570.npy
Saved: /CSNG/roblikova/results/corr_matrices/C02/RS_before/sf250_win10_step1_bp1-45/corr_0571.npy
Saved: /CSNG/roblikova/results/corr_matrices/C02/RS_before/sf250_win10_step1_bp1-45/corr_0572.npy
Saved: /CSNG/roblikova/results/corr_matrices/C02/RS_before/sf250_win10_step1_bp1-45/corr_0573.npy
Saved: /CSNG/roblikova/results/corr_matrices/C02/RS_before/sf250_win10_step1_bp1-45/corr_0574.npy
Saved: /CSNG/roblikova/results/corr_matrices/C02/RS_before/sf250_win10_step1_bp1-45/corr_0575.npy
Saved: /CSNG/roblikova/results/corr_matrices/C02/RS_before/sf250_win10_step1_bp1-45/corr_0576.npy
Saved: /CSNG/roblikova/results/corr_matrices/C02/RS_before/sf250_win10_step1_bp1-45/corr_0577.npy
Saved: /CSNG/roblikova/results/corr_matrices/C02/RS_before/sf250_win10_step1_bp1-45/corr_0578.npy
Saved: /CSNG/roblikova/results/corr_matrices/C02/RS_before/sf250_win10_step1_bp1-45/corr_0579.npy
Saved: /CSNG/roblikova/results/corr_matrices/C02/RS_before/sf250_win10_step1_bp1-45/corr_0580.npy
Saved: /CSNG/roblikova/results/corr_matrices/C02/RS_before/sf250_win10_step1_bp1-45/corr_0581.npy
Saved: /CSNG/roblikova/results/corr_matrices/C02/RS_before/sf250_win10_step1_bp1-45/corr_0582.npy
Saved: /CSNG/roblikova/results/corr_matrices/C02/RS_before/sf250_win10_step1_bp1-45/corr_0583.npy
Saved: /CSNG/roblikova/results/corr_matrices/C02/RS_before/sf250_win10_step1_bp1-45/corr_0584.npy
Saved: /CSNG/roblikova/results/corr_matrices/C02/RS_before/sf250_win10_step1_bp1-45/corr_0585.npy
Saved: /CSNG/roblikova/results/corr_matrices/C02/RS_before/sf250_win10_step1_bp1-45/corr_0586.npy
Saved: /CSNG/roblikova/results/corr_matrices/C02/RS_before/sf250_win10_step1_bp1-45/corr_0587.npy
Saved: /CSNG/roblikova/results/corr_matrices/C02/RS_before/sf250_win10_step1_bp1-45/corr_0588.npy
Saved: /CSNG/roblikova/results/corr_matrices/C02/RS_before/sf250_win10_step1_bp1-45/corr_0589.npy
Saved: /CSNG/roblikova/results/corr_matrices/C02/RS_before/sf250_win10_step1_bp1-45/corr_0590.npy
Finished C02: 591 matrices created.

Finished:  at Wed Jun 24 05:35:58 PM CEST 2026 (exit code: 0)
